screen 100x32
 0 | Overview  Invoices  Expenses  Clients                                                      876/1000|
 1 ||
 2 | filter:  All    period:  All time    fetched just now|
 3 ||
 4 | ID      NUMBER   CLIENT        ISSUED      DUE         TOTAL   TO PAY|
 5 |────────────────────────────────────────────────────────────────────────────────────────────────────|
 6 | 309127  2026001  Acme s.r.o.   2024-03-01  2024-03-15  787.20  487.20|
 7 | Delete invoice 2026001? (y/n)|
 8 | 309128  2026002  Beta a.s.     2024-03-20  2024-04-03  99.00   0.00|
 9 | 309129  2026003  Gamma s.r.o.  2024-04-02  2024-04-16  4.50    4.50|
10 ||
11 ||
12 ||
13 ||
14 ||
15 ||
16 ||
17 ||
18 ||
19 |                                                                                      0% ↕ ctrl+u/d|
20 | 2026001  ·  Acme s.r.o.                                                                  787.20 EUR|
21 | regular  ·  due 2024-03-15                                                                  OVERDUE|
22 | ───────────────────────────────────────────────────────────────────────────────────────────────────|
23 | ID      QTY  ITEM          UNIT  VAT   TOTAL|
24 | 804902    8  Konzultácie  75.00  23%  738.00|
25 | 804904    1  Cestovné     40.00  23%   49.20|
26 | ───────────────────────────────────────────────────────────────────────────────────────────────────|
27 | PAYMENTS                                          Net     640.00|
28 | 2024-03-05  transfer  300.00                      VAT     147.20|
29 ||
30 | y confirm · n or esc cancel|
31 | p payment · s mark sent · P pdf · n new invoice · e edit · i add item · … · r refresh · q quit|

styles
 0  10-11  bg=23
 0  11-19  bold fg=231 bg=23
 0  19-20  bg=23
 0  92-100 fg=244
 2   1-9   fg=244
 2   9-10  bg=23
 2  10-13  fg=231 bg=23
 2  13-14  bg=23
 2  14-25  fg=244
 2  25-26  bg=23
 2  26-34  fg=231 bg=23
 2  34-35  bg=23
 2  35-54  fg=244
 4   0-70  bold fg=244
 5   0-100 fg=240
 6   0-100 reverse
 7   1-30  fg=172
19  86-99  fg=172
20  90-100 bold fg=131
21   1-27  fg=244
21  93-100 bold fg=131
22   1-100 fg=244
23   0-45  fg=244
26   1-100 fg=244
27   0-9   fg=244
27  50-59  fg=244
28  50-59  fg=244
30   1-2   bold
30   2-13  fg=244
30  13-14  bold
30  14-18  fg=244
30  18-21  bold
30  21-28  fg=244
31   1-2   bold
31  10-13  fg=244
31  13-14  bold
31  24-27  fg=244
31  27-28  bold
31  32-35  fg=244
31  35-36  bold
31  48-51  fg=244
31  51-52  bold
31  57-60  fg=244
31  60-61  bold
31  70-77  fg=244
31  77-78  bold
31  86-89  fg=244
31  89-90  bold
